// Jest Snapshot v1, https://goo.gl/fbAQLP

exports[`Pruebas en el Entry component  Debe hacer match con el snapshot 1`] = `
<div class="entry-container mb-3 pointer p-2">
  <!-- Titulo -->
  <div class="entry-title d-flex"><span class="text-success fs-5 fw-bold">10</span><span class="mx-1 fs-5">Septiembre</span><span class="mx-1 fw-light">Viernes</span></div>
  <div class="entry-description">Hola mundo desde mock-data</div>
</div>
`;
