// Jest Snapshot v1, https://goo.gl/fbAQLP

exports[`Pruebas en el NavBar component Debe mostrar el componente correctamente 1`] = `
<nav class="navbar bg-primary"><a class="navbar-brand text-white"><img src="" alt="Vue logo" height="24" class="d-inline-block aling-text-top mx-2"> Dario</a>
  <div class="d-flex mx-3"><button class="btn btn-outline-info"><i class="fa fa-sign-out-alt"></i></button></div>
</nav>
`;
